Ready: lifetrace_test
Ready: lifetrace_test_e2e
All checks passed!
14 files already formatted
........................................................................ [ 97%]
..                                                                       [100%]
=============================== warnings summary ===============================
.venv/lib/python3.13/site-packages/fastapi/testclient.py:1
  /Users/evan_mac/Projects/sem_exp/database_1/backend/.venv/lib/python3.13/site-packages/fastapi/testclient.py:1: StarletteDeprecationWarning: Using `httpx` with `starlette.testclient` is deprecated; install `httpx2` instead.
    from starlette.testclient import TestClient as TestClient  # noqa

.venv/lib/python3.13/site-packages/starlette/testclient.py:53
  /Users/evan_mac/Projects/sem_exp/database_1/backend/.venv/lib/python3.13/site-packages/starlette/testclient.py:53: DeprecationWarning: The anyio.abc.BlockingPortal alias is deprecated, use anyio.from_thread.BlockingPortal instead.
    _PortalFactoryType = Callable[[], AbstractContextManager[anyio.abc.BlockingPortal]]

-- Docs: https://docs.pytest.org/en/stable/how-to/capture-warnings.html
74 passed, 2 warnings in 1.77s

> lifetrace-web@1.0.0 generate:api /Users/evan_mac/Projects/sem_exp/database_1/frontend
> openapi-typescript ../docs/openapi.json -o src/api-schema.d.ts

✨ openapi-typescript 7.13.0
🚀 ../docs/openapi.json → src/api-schema.d.ts [36.3ms]

> lifetrace-web@1.0.0 lint /Users/evan_mac/Projects/sem_exp/database_1/frontend
> eslint .


> lifetrace-web@1.0.0 test /Users/evan_mac/Projects/sem_exp/database_1/frontend
> vitest run


 RUN  v3.2.7 /Users/evan_mac/Projects/sem_exp/database_1/frontend

 ✓ src/api.test.ts (3 tests) 26ms

 Test Files  1 passed (1)
      Tests  3 passed (3)
   Start at  19:34:36
   Duration  289ms (transform 22ms, setup 0ms, collect 18ms, tests 26ms, environment 0ms, prepare 49ms)


> lifetrace-web@1.0.0 build /Users/evan_mac/Projects/sem_exp/database_1/frontend
> tsc -b && vite build

vite v6.4.3 building for production...
transforming...
✓ 1698 modules transformed.
rendering chunks...
computing gzip size...
dist/index.html                   0.52 kB │ gzip:   0.38 kB
dist/static/index-BqEosih3.css   27.29 kB │ gzip:   7.14 kB
dist/static/index-DdRTHlJq.js   393.16 kB │ gzip: 123.05 kB
✓ built in 888ms

> lifetrace-web@1.0.0 test:e2e /Users/evan_mac/Projects/sem_exp/database_1/frontend
> playwright test

[WebServer] INFO:     Started server process [87917]
[WebServer] INFO:     Waiting for application startup.
[WebServer] INFO:     Application startup complete.
[WebServer] INFO:     Uvicorn running on http://127.0.0.1:8011 (Press CTRL+C to quit)

Running 5 tests using 1 worker

(node:87918) Warning: The 'NO_COLOR' env is ignored due to the 'FORCE_COLOR' env being set.
(Use `node --trace-warnings ...` to show where the warning was created)

  ✓  1 [chromium] › e2e/lifetrace.spec.ts:20:1 › 完整演示：更换、复用、召回与溯源 (1.6s)

  ✓  2 [chromium] › e2e/lifetrace.spec.ts:85:1 › 登记、重复错误、对话框键盘交互 (670ms)

  ✓  3 [chromium] › e2e/lifetrace.spec.ts:104:1 › 历史边界与历史模式维修保护 (562ms)

  ✓  4 [chromium] › e2e/lifetrace.spec.ts:117:1 › 移动端和平板布局没有横向溢出 (678ms)

  ✓  5 [chromium] › e2e/lifetrace.spec.ts:142:1 › 已占用与缺陷部件显示禁用原因 (340ms)

  5 passed (4.7s)
